// Jest Snapshot v1, https://goo.gl/fbAQLP

exports[`Example Test Match SnapShot 1`] = `
<h1>
  Testing
</h1>
`;
